[ 2025-06-26 21:54:53,169 ] 1025 httpx - INFO - HTTP Request: GET https://dagshub.com/api/v1/user "HTTP/1.1 200 OK"
[ 2025-06-26 21:54:53,187 ] 107 dagshub - INFO - Accessing as desaimeet2000
[ 2025-06-26 21:54:53,685 ] 1025 httpx - INFO - HTTP Request: GET https://dagshub.com/api/v1/repos/desaimeet2000/NA "HTTP/1.1 200 OK"
[ 2025-06-26 21:54:54,263 ] 1025 httpx - INFO - HTTP Request: GET https://dagshub.com/api/v1/user "HTTP/1.1 200 OK"
[ 2025-06-26 21:54:54,266 ] 107 dagshub - INFO - Initialized MLflow to track repo "desaimeet2000/NA"
[ 2025-06-26 21:54:54,268 ] 107 dagshub - INFO - Repository desaimeet2000/NA initialized!
[ 2025-06-26 21:54:54,268 ] 17 root - INFO - Initiate the data ingestion
[ 2025-06-26 21:54:58,133 ] 62 root - INFO - Performed train test split on dataframe
[ 2025-06-26 21:54:58,133 ] 63 root - INFO - Exited split_data_as_train_test method successfully
[ 2025-06-26 21:54:58,133 ] 66 root - INFO - Exporting train and test filrd path.
[ 2025-06-26 21:54:58,318 ] 73 root - INFO - Exported train and test file path successfully
[ 2025-06-26 21:54:58,318 ] 19 root - INFO - Data Initiation Completed
[ 2025-06-26 21:54:58,334 ] 24 root - INFO - Initiate the data Validation
[ 2025-06-26 21:54:58,435 ] 31 root - INFO - Number of columns in the schema: 2
[ 2025-06-26 21:54:58,435 ] 32 root - INFO - Dataframe columns:32
[ 2025-06-26 21:54:58,435 ] 31 root - INFO - Number of columns in the schema: 2
[ 2025-06-26 21:54:58,435 ] 32 root - INFO - Dataframe columns:32
[ 2025-06-26 21:54:58,435 ] 26 root - INFO - data Validation Completed
[ 2025-06-26 21:54:58,435 ] 30 root - INFO - data Transformation started
[ 2025-06-26 21:54:58,435 ] 60 root - INFO - Entered initiate_data_transformation method of DataTransformation class
[ 2025-06-26 21:54:58,435 ] 62 root - INFO - Starting data transformation
[ 2025-06-26 21:54:58,538 ] 45 root - INFO - Entered get_data_trnasformer_object method of Trnasformation class
[ 2025-06-26 21:54:58,538 ] 50 root - INFO - Initialise KNNImputer with {'missing_values': nan, 'n_neighbors': 3, 'weights': 'uniform'}
[ 2025-06-26 21:54:58,551 ] 47 root - INFO - Entered the save_object method of MainUtils class
[ 2025-06-26 21:54:58,571 ] 51 root - INFO - Exited the save_object method of MainUtils class
[ 2025-06-26 21:54:58,571 ] 47 root - INFO - Entered the save_object method of MainUtils class
[ 2025-06-26 21:54:58,578 ] 51 root - INFO - Exited the save_object method of MainUtils class
[ 2025-06-26 21:54:58,582 ] 34 root - INFO - data Transformation completed
[ 2025-06-26 21:54:58,582 ] 36 root - INFO - Model Training stared
